{"obj": {"type": "AssignString", "path": ["sys", "name"], "value": "RF-ACC-Exp"}, "version": 1, "at": 1757009526.136819}
{"obj": {"type": "AssignString", "path": ["sys", "description"], "value": ""}, "version": 2, "at": 1757009526.137217}
{"obj": {"type": "AssignString", "path": ["monitoring", "c4dfb2b5", "hostname"], "value": "161.116.20.172.s.wireless.uri.edu"}, "version": 3, "at": 1757009526.137364}
{"obj": {"type": "AssignString", "path": ["sys", "hostname"], "value": "161.116.20.172.s.wireless.uri.edu"}, "version": 4, "at": 1757009526.137464}
{"obj": {"type": "AssignString", "path": ["monitoring", "c4dfb2b5", "pid"], "value": "52079"}, "version": 5, "at": 1757009526.137561}
{"obj": {"type": "AssignString", "path": ["monitoring", "c4dfb2b5", "tid"], "value": "140704654704512"}, "version": 6, "at": 1757009526.137655}
{"obj": {"type": "AddStrings", "path": ["sys", "tags"], "values": ["RF", "window-120", "baseline", "ACC"]}, "version": 7, "at": 1757009526.137791}
{"obj": {"type": "AssignBool", "path": ["sys", "failed"], "value": false}, "version": 8, "at": 1757009526.1379058}
{"obj": {"type": "ClearStringLog", "path": ["monitoring", "c4dfb2b5", "stdout"]}, "version": 9, "at": 1757009526.1380548}
{"obj": {"type": "ClearStringLog", "path": ["monitoring", "c4dfb2b5", "stderr"]}, "version": 10, "at": 1757009526.138147}
{"obj": {"type": "AssignString", "path": ["source_code", "entrypoint"], "value": "neptune_rf_pipeline.py"}, "version": 11, "at": 1757009526.138679}
{"obj": {"type": "UploadFileSet", "path": ["source_code", "files"], "file_globs": ["/Users/shehjarsadhu/Desktop/UniversityOfRhodeIsland/Graduate/WBL/Project_Carehub_CareWear/CODE/CareWear_Data_Processing/carewear-stress-monitoring-analysis/feature_extraction/MLclassificaiton/neptune_rf_pipeline.py"], "reset": "False"}, "version": 12, "at": 1757009526.138829}
{"obj": {"type": "UploadFile", "path": ["source_code", "diff"], "ext": "patch", "file_path": null, "tmp_file_name": "source_code_diff-1757009526.271846-2025-09-04_14.12.06.271846.patch", "clean_after_upload": false}, "version": 13, "at": 1757009526.272474}
{"obj": {"type": "ConfigFloatSeries", "path": ["monitoring", "c4dfb2b5", "cpu"], "min": 0.0, "max": 100.0, "unit": "%"}, "version": 14, "at": 1757009526.2927601}
{"obj": {"type": "ClearFloatLog", "path": ["monitoring", "c4dfb2b5", "cpu"]}, "version": 15, "at": 1757009526.29308}
{"obj": {"type": "LogStrings", "path": ["monitoring", "c4dfb2b5", "stderr"], "values": [{"value": "[neptune] [warning] /Users/shehjarsadhu/Desktop/UniversityOfRhodeIsland/Graduate/WBL/Project_Carehub_CareWear/CODE/CareWear_Data_Processing/carewear-stress-monitoring-analysis/feature_extraction/MLclassificaiton/neptune_rf_pipeline.py:131: NeptuneWarning: Info (NVML): NVML Shared Library Not Found. GPU usage metrics may not be reported. For more information, see https://docs-legacy.neptune.ai/help/nvml_error/\n", "step": null, "ts": 1757009526.293282}]}, "version": 16, "at": 1757009526.293335}
{"obj": {"type": "ConfigFloatSeries", "path": ["monitoring", "c4dfb2b5", "memory"], "min": 0.0, "max": 16.0, "unit": "GB"}, "version": 17, "at": 1757009526.293532}
{"obj": {"type": "ClearFloatLog", "path": ["monitoring", "c4dfb2b5", "memory"]}, "version": 18, "at": 1757009526.293716}
{"obj": {"type": "LogFloats", "path": ["monitoring", "c4dfb2b5", "memory"], "values": [{"value": 9.775314331054688, "step": null, "ts": 1757009526.293914}]}, "version": 19, "at": 1757009526.294132}
{"obj": {"type": "LogStrings", "path": ["monitoring", "c4dfb2b5", "stdout"], "values": [{"value": "DEBUG: Successfully parsed class map: {1: 101, 4: 101, 6: 101, 2: 102, 3: 102, 7: 100, 8: 100}", "step": null, "ts": 1757009526.294601}]}, "version": 20, "at": 1757009526.294626}
{"obj": {"type": "AssignInt", "path": ["parameters", "class_map", "1"], "value": 101}, "version": 21, "at": 1757009526.2949}
{"obj": {"type": "AssignInt", "path": ["parameters", "class_map", "4"], "value": 101}, "version": 22, "at": 1757009526.2949948}
{"obj": {"type": "AssignInt", "path": ["parameters", "class_map", "6"], "value": 101}, "version": 23, "at": 1757009526.295069}
{"obj": {"type": "AssignInt", "path": ["parameters", "class_map", "2"], "value": 102}, "version": 24, "at": 1757009526.295134}
{"obj": {"type": "AssignInt", "path": ["parameters", "class_map", "3"], "value": 102}, "version": 25, "at": 1757009526.295198}
{"obj": {"type": "AssignInt", "path": ["parameters", "class_map", "7"], "value": 100}, "version": 26, "at": 1757009526.295265}
{"obj": {"type": "AssignInt", "path": ["parameters", "class_map", "8"], "value": 100}, "version": 27, "at": 1757009526.295329}
{"obj": {"type": "LogStrings", "path": ["monitoring", "c4dfb2b5", "stdout"], "values": [{"value": "\n", "step": null, "ts": 1757009526.295456}]}, "version": 28, "at": 1757009526.2954729}
{"obj": {"type": "TrackFilesToArtifact", "path": ["dataset", "csv_path"], "entries": [["/Volumes/CW_2024/features/all_accel_features.csv", null]], "project_id": "d109986c-bf9a-494c-bef7-8888cb8070de"}, "version": 29, "at": 1757009526.2955961}
{"obj": {"type": "LogStrings", "path": ["monitoring", "c4dfb2b5", "stdout"], "values": [{"value": "\ud83d\udcc1 Stage: Tracking Dataset Version for /Volumes/CW_2024/features/all_accel_features.csv", "step": null, "ts": 1757009526.295669}]}, "version": 30, "at": 1757009526.2956831}
{"obj": {"type": "LogStrings", "path": ["monitoring", "c4dfb2b5", "stdout"], "values": [{"value": "\n", "step": null, "ts": 1757009526.2962}]}, "version": 31, "at": 1757009526.296216}
{"obj": {"type": "LogStrings", "path": ["monitoring", "c4dfb2b5", "stdout"], "values": [{"value": "DEBUG: Dataset '/Volumes/CW_2024/features/all_accel_features.csv' tracked to Neptune.", "step": null, "ts": 1757009526.296422}]}, "version": 32, "at": 1757009526.2964401}
{"obj": {"type": "LogStrings", "path": ["monitoring", "c4dfb2b5", "stdout"], "values": [{"value": "\n", "step": null, "ts": 1757009526.2966862}]}, "version": 33, "at": 1757009526.2966988}
{"obj": {"type": "LogStrings", "path": ["monitoring", "c4dfb2b5", "stdout"], "values": [{"value": "\ud83d\udcca Stage: Data Loading from /Volumes/CW_2024/features/all_accel_features.csv", "step": null, "ts": 1757009526.296777}]}, "version": 34, "at": 1757009526.2967901}
{"obj": {"type": "LogStrings", "path": ["monitoring", "c4dfb2b5", "stdout"], "values": [{"value": "\n", "step": null, "ts": 1757009526.29685}]}, "version": 35, "at": 1757009526.296861}
{"obj": {"type": "LogStrings", "path": ["features", "feature_names"], "values": [{"value": "accel_x_dom_freq", "step": null, "ts": 1757009526.310925}, {"value": "accel_x_spec_centroid", "step": null, "ts": 1757009526.310925}, {"value": "accel_x_total_energy_fft", "step": null, "ts": 1757009526.310925}, {"value": "accel_x_band_energy_0_0_5hz", "step": null, "ts": 1757009526.310925}, {"value": "accel_x_band_energy_0_5_2_5hz", "step": null, "ts": 1757009526.310925}, {"value": "accel_x_band_energy_2_5_5hz", "step": null, "ts": 1757009526.310925}, {"value": "accel_x_band_energy_5_plus_hz", "step": null, "ts": 1757009526.310925}, {"value": "accel_y_mean", "step": null, "ts": 1757009526.310925}, {"value": "accel_y_median", "step": null, "ts": 1757009526.310925}, {"value": "accel_y_std", "step": null, "ts": 1757009526.310925}]}, "version": 36, "at": 1757009526.311092}
{"obj": {"type": "LogStrings", "path": ["features", "feature_names"], "values": [{"value": "accel_y_min", "step": null, "ts": 1757009526.310925}, {"value": "accel_y_max", "step": null, "ts": 1757009526.310925}, {"value": "accel_y_range", "step": null, "ts": 1757009526.310925}, {"value": "accel_y_iqr", "step": null, "ts": 1757009526.310925}, {"value": "accel_y_skew", "step": null, "ts": 1757009526.310925}, {"value": "accel_y_kurtosis", "step": null, "ts": 1757009526.310925}, {"value": "accel_y_zcr", "step": null, "ts": 1757009526.310925}, {"value": "accel_y_dom_freq", "step": null, "ts": 1757009526.310925}, {"value": "accel_y_spec_centroid", "step": null, "ts": 1757009526.310925}, {"value": "accel_y_total_energy_fft", "step": null, "ts": 1757009526.310925}]}, "version": 37, "at": 1757009526.311266}
{"obj": {"type": "LogStrings", "path": ["features", "feature_names"], "values": [{"value": "accel_y_band_energy_0_0_5hz", "step": null, "ts": 1757009526.310925}, {"value": "accel_y_band_energy_0_5_2_5hz", "step": null, "ts": 1757009526.310925}, {"value": "accel_y_band_energy_2_5_5hz", "step": null, "ts": 1757009526.310925}, {"value": "accel_y_band_energy_5_plus_hz", "step": null, "ts": 1757009526.310925}, {"value": "accel_z_mean", "step": null, "ts": 1757009526.310925}, {"value": "accel_z_median", "step": null, "ts": 1757009526.310925}, {"value": "accel_z_std", "step": null, "ts": 1757009526.310925}, {"value": "accel_z_min", "step": null, "ts": 1757009526.310925}, {"value": "accel_z_max", "step": null, "ts": 1757009526.310925}, {"value": "accel_z_range", "step": null, "ts": 1757009526.310925}]}, "version": 38, "at": 1757009526.311361}
{"obj": {"type": "LogStrings", "path": ["features", "feature_names"], "values": [{"value": "accel_z_iqr", "step": null, "ts": 1757009526.310925}, {"value": "accel_z_skew", "step": null, "ts": 1757009526.310925}, {"value": "accel_z_kurtosis", "step": null, "ts": 1757009526.310925}, {"value": "accel_z_zcr", "step": null, "ts": 1757009526.310925}, {"value": "accel_z_dom_freq", "step": null, "ts": 1757009526.310925}, {"value": "accel_z_spec_centroid", "step": null, "ts": 1757009526.310925}, {"value": "accel_z_total_energy_fft", "step": null, "ts": 1757009526.310925}, {"value": "accel_z_band_energy_0_0_5hz", "step": null, "ts": 1757009526.310925}, {"value": "accel_z_band_energy_0_5_2_5hz", "step": null, "ts": 1757009526.310925}, {"value": "accel_z_band_energy_2_5_5hz", "step": null, "ts": 1757009526.310925}]}, "version": 39, "at": 1757009526.311417}
{"obj": {"type": "LogStrings", "path": ["features", "feature_names"], "values": [{"value": "accel_z_band_energy_5_plus_hz", "step": null, "ts": 1757009526.310925}, {"value": "accel_VM_mean", "step": null, "ts": 1757009526.310925}, {"value": "accel_VM_median", "step": null, "ts": 1757009526.310925}, {"value": "accel_VM_std", "step": null, "ts": 1757009526.310925}, {"value": "accel_VM_min", "step": null, "ts": 1757009526.310925}, {"value": "accel_VM_max", "step": null, "ts": 1757009526.310925}, {"value": "accel_VM_range", "step": null, "ts": 1757009526.310925}, {"value": "accel_VM_iqr", "step": null, "ts": 1757009526.310925}, {"value": "accel_VM_skew", "step": null, "ts": 1757009526.310925}, {"value": "accel_VM_kurtosis", "step": null, "ts": 1757009526.310925}]}, "version": 40, "at": 1757009526.311467}
{"obj": {"type": "LogStrings", "path": ["features", "feature_names"], "values": [{"value": "accel_VM_zcr", "step": null, "ts": 1757009526.310925}, {"value": "accel_VM_dom_freq", "step": null, "ts": 1757009526.310925}, {"value": "accel_VM_spec_centroid", "step": null, "ts": 1757009526.310925}, {"value": "accel_VM_total_energy_fft", "step": null, "ts": 1757009526.310925}, {"value": "accel_VM_band_energy_0_0_5hz", "step": null, "ts": 1757009526.310925}, {"value": "accel_VM_band_energy_0_5_2_5hz", "step": null, "ts": 1757009526.310925}, {"value": "accel_VM_band_energy_2_5_5hz", "step": null, "ts": 1757009526.310925}, {"value": "accel_VM_band_energy_5_plus_hz", "step": null, "ts": 1757009526.310925}, {"value": "accel_sma", "step": null, "ts": 1757009526.310925}, {"value": "accel_total_energy", "step": null, "ts": 1757009526.310925}]}, "version": 41, "at": 1757009526.311552}
{"obj": {"type": "LogStrings", "path": ["monitoring", "c4dfb2b5", "stdout"], "values": [{"value": "DEBUG: Initial DataFrame shape: (589, 76)", "step": null, "ts": 1757009526.313921}]}, "version": 42, "at": 1757009526.314046}
{"obj": {"type": "LogStrings", "path": ["monitoring", "c4dfb2b5", "stdout"], "values": [{"value": "\n", "step": null, "ts": 1757009526.316334}]}, "version": 43, "at": 1757009526.316364}
{"obj": {"type": "LogStrings", "path": ["monitoring", "c4dfb2b5", "stdout"], "values": [{"value": "DEBUG: Selected 60 feature columns.", "step": null, "ts": 1757009526.317497}]}, "version": 44, "at": 1757009526.317526}
{"obj": {"type": "LogStrings", "path": ["monitoring", "c4dfb2b5", "stdout"], "values": [{"value": "\n", "step": null, "ts": 1757009526.3229032}]}, "version": 45, "at": 1757009526.322931}
{"obj": {"type": "LogStrings", "path": ["monitoring", "c4dfb2b5", "stdout"], "values": [{"value": "\ud83d\udcdd Stage: Tracking Feature Names", "step": null, "ts": 1757009526.3232331}]}, "version": 46, "at": 1757009526.323282}
{"obj": {"type": "LogStrings", "path": ["monitoring", "c4dfb2b5", "stdout"], "values": [{"value": "\n", "step": null, "ts": 1757009526.323406}]}, "version": 47, "at": 1757009526.3234198}
{"obj": {"type": "LogStrings", "path": ["monitoring", "c4dfb2b5", "stdout"], "values": [{"value": "DEBUG: Feature names logged to Neptune.", "step": null, "ts": 1757009526.3235478}]}, "version": 48, "at": 1757009526.3235588}
{"obj": {"type": "LogStrings", "path": ["monitoring", "c4dfb2b5", "stdout"], "values": [{"value": "\n", "step": null, "ts": 1757009526.323621}]}, "version": 49, "at": 1757009526.3236322}
{"obj": {"type": "LogStrings", "path": ["monitoring", "c4dfb2b5", "stdout"], "values": [{"value": "\ud83d\udd04 Stage: Applying Class Mapping", "step": null, "ts": 1757009526.323822}]}, "version": 50, "at": 1757009526.32384}
{"obj": {"type": "LogStrings", "path": ["monitoring", "c4dfb2b5", "stdout"], "values": [{"value": "\n", "step": null, "ts": 1757009526.323976}]}, "version": 51, "at": 1757009526.323998}
{"obj": {"type": "LogStrings", "path": ["monitoring", "c4dfb2b5", "stdout"], "values": [{"value": "DEBUG: Unique classes before remapping: [8. 6. 5. 1. 2. 4. 7. 3.]", "step": null, "ts": 1757009526.324113}]}, "version": 52, "at": 1757009526.324126}
{"obj": {"type": "LogStrings", "path": ["monitoring", "c4dfb2b5", "stdout"], "values": [{"value": "\n", "step": null, "ts": 1757009526.324246}]}, "version": 53, "at": 1757009526.3242571}
{"obj": {"type": "LogStrings", "path": ["monitoring", "c4dfb2b5", "stdout"], "values": [{"value": "DEBUG: Unique classes after remapping: [100. 101.   5. 102.]", "step": null, "ts": 1757009526.324366}]}, "version": 54, "at": 1757009526.324377}
{"obj": {"type": "LogStrings", "path": ["monitoring", "c4dfb2b5", "stdout"], "values": [{"value": "\n", "step": null, "ts": 1757009526.32445}]}, "version": 55, "at": 1757009526.324548}
{"obj": {"type": "LogStrings", "path": ["monitoring", "c4dfb2b5", "stdout"], "values": [{"value": "\ud83d\udd27 Stage: Feature and Target Preparation", "step": null, "ts": 1757009526.324779}]}, "version": 56, "at": 1757009526.324793}
{"obj": {"type": "LogStrings", "path": ["monitoring", "c4dfb2b5", "stdout"], "values": [{"value": "\n", "step": null, "ts": 1757009526.324914}]}, "version": 57, "at": 1757009526.324926}
{"obj": {"type": "LogStrings", "path": ["monitoring", "c4dfb2b5", "stdout"], "values": [{"value": "DEBUG: X (features) DataFrame shape after numeric conversion: (589, 60)", "step": null, "ts": 1757009526.325641}]}, "version": 58, "at": 1757009526.325672}
{"obj": {"type": "AssignString", "path": ["features", "hash"], "value": "39006af8ffab4d2121796c2938b982f9"}, "version": 59, "at": 1757009526.327193}
{"obj": {"type": "LogStrings", "path": ["monitoring", "c4dfb2b5", "stdout"], "values": [{"value": "\n", "step": null, "ts": 1757009526.327339}]}, "version": 60, "at": 1757009526.3273711}
{"obj": {"type": "LogStrings", "path": ["monitoring", "c4dfb2b5", "stdout"], "values": [{"value": "DEBUG: X (features) NumPy array shape: (589, 60)", "step": null, "ts": 1757009526.327496}]}, "version": 61, "at": 1757009526.327518}
{"obj": {"type": "AssignInt", "path": ["features", "count"], "value": 60}, "version": 62, "at": 1757009526.327808}
{"obj": {"type": "LogStrings", "path": ["monitoring", "c4dfb2b5", "stdout"], "values": [{"value": "\n", "step": null, "ts": 1757009526.328922}]}, "version": 63, "at": 1757009526.3289511}
{"obj": {"type": "LogStrings", "path": ["monitoring", "c4dfb2b5", "stdout"], "values": [{"value": "DEBUG: y (target) NumPy array shape: (589,)", "step": null, "ts": 1757009526.329958}]}, "version": 64, "at": 1757009526.32998}
{"obj": {"type": "LogStrings", "path": ["monitoring", "c4dfb2b5", "stdout"], "values": [{"value": "\n", "step": null, "ts": 1757009526.330091}]}, "version": 65, "at": 1757009526.330106}
{"obj": {"type": "LogStrings", "path": ["monitoring", "c4dfb2b5", "stdout"], "values": [{"value": "DEBUG: Unique values in final y (target): [  5 100 101 102]", "step": null, "ts": 1757009526.3302422}]}, "version": 66, "at": 1757009526.330261}
{"obj": {"type": "LogStrings", "path": ["monitoring", "c4dfb2b5", "stdout"], "values": [{"value": "\n", "step": null, "ts": 1757009526.330739}]}, "version": 67, "at": 1757009526.3307571}
{"obj": {"type": "LogStrings", "path": ["monitoring", "c4dfb2b5", "stdout"], "values": [{"value": "\ud83d\udcca Stage: Train-Test Splitting", "step": null, "ts": 1757009526.332952}]}, "version": 68, "at": 1757009526.332982}
{"obj": {"type": "LogStrings", "path": ["monitoring", "c4dfb2b5", "stdout"], "values": [{"value": "\n", "step": null, "ts": 1757009526.333318}]}, "version": 69, "at": 1757009526.3333519}
{"obj": {"type": "LogStrings", "path": ["monitoring", "c4dfb2b5", "stdout"], "values": [{"value": "DEBUG: Xtr shape: (471, 60), Xte shape: (118, 60)", "step": null, "ts": 1757009526.333697}]}, "version": 70, "at": 1757009526.333724}
{"obj": {"type": "LogStrings", "path": ["monitoring", "c4dfb2b5", "stdout"], "values": [{"value": "\n", "step": null, "ts": 1757009526.33392}]}, "version": 71, "at": 1757009526.333942}
{"obj": {"type": "LogStrings", "path": ["monitoring", "c4dfb2b5", "stdout"], "values": [{"value": "DEBUG: ytr shape: (471,), yte shape: (118,)", "step": null, "ts": 1757009526.334087}]}, "version": 72, "at": 1757009526.334101}
{"obj": {"type": "LogStrings", "path": ["monitoring", "c4dfb2b5", "stdout"], "values": [{"value": "\n", "step": null, "ts": 1757009526.334199}]}, "version": 73, "at": 1757009526.334211}
{"obj": {"type": "LogStrings", "path": ["monitoring", "c4dfb2b5", "stdout"], "values": [{"value": "DEBUG: Unique classes in ytr: [  5 100 101 102]", "step": null, "ts": 1757009526.334362}]}, "version": 74, "at": 1757009526.3343759}
{"obj": {"type": "LogStrings", "path": ["monitoring", "c4dfb2b5", "stdout"], "values": [{"value": "\n", "step": null, "ts": 1757009526.3344471}]}, "version": 75, "at": 1757009526.3344588}
{"obj": {"type": "LogStrings", "path": ["monitoring", "c4dfb2b5", "stdout"], "values": [{"value": "DEBUG: Unique classes in yte: [  5 100 101 102]", "step": null, "ts": 1757009526.334541}]}, "version": 76, "at": 1757009526.334553}
{"obj": {"type": "LogStrings", "path": ["monitoring", "c4dfb2b5", "stdout"], "values": [{"value": "\n", "step": null, "ts": 1757009526.334639}]}, "version": 77, "at": 1757009526.334652}
{"obj": {"type": "LogStrings", "path": ["monitoring", "c4dfb2b5", "stdout"], "values": [{"value": "\u2699\ufe0f Stage: Defining Pipeline and Grid Search Setup", "step": null, "ts": 1757009526.3347368}]}, "version": 78, "at": 1757009526.3347478}
{"obj": {"type": "LogStrings", "path": ["monitoring", "c4dfb2b5", "stdout"], "values": [{"value": "\n", "step": null, "ts": 1757009526.334836}]}, "version": 79, "at": 1757009526.3348548}
{"obj": {"type": "LogStrings", "path": ["monitoring", "c4dfb2b5", "stdout"], "values": [{"value": "\u23f3 Stage: Model Training (GridSearchCV)", "step": null, "ts": 1757009526.343153}]}, "version": 80, "at": 1757009526.343518}
{"obj": {"type": "LogStrings", "path": ["monitoring", "c4dfb2b5", "stdout"], "values": [{"value": "\n", "step": null, "ts": 1757009526.3465421}]}, "version": 81, "at": 1757009526.34659}
{"obj": {"type": "LogStrings", "path": ["monitoring", "c4dfb2b5", "stdout"], "values": [{"value": "Fitting 5 folds for each of 36 candidates, totalling 180 fits", "step": null, "ts": 1757009526.352798}]}, "version": 82, "at": 1757009526.3528361}
{"obj": {"type": "LogStrings", "path": ["monitoring", "c4dfb2b5", "stdout"], "values": [{"value": "\n", "step": null, "ts": 1757009526.3572989}]}, "version": 83, "at": 1757009526.357329}
