{"obj": {"type": "AssignString", "path": ["sys", "name"], "value": "RF-HR-Exp"}, "version": 1, "at": 1755626781.1436071}
{"obj": {"type": "AssignString", "path": ["sys", "description"], "value": ""}, "version": 2, "at": 1755626781.143919}
{"obj": {"type": "AssignString", "path": ["monitoring", "ff18be1f", "hostname"], "value": "161.116.20.172.s.wireless.uri.edu"}, "version": 3, "at": 1755626781.1440341}
{"obj": {"type": "AssignString", "path": ["sys", "hostname"], "value": "161.116.20.172.s.wireless.uri.edu"}, "version": 4, "at": 1755626781.144133}
{"obj": {"type": "AssignString", "path": ["monitoring", "ff18be1f", "pid"], "value": "39286"}, "version": 5, "at": 1755626781.144208}
{"obj": {"type": "AssignString", "path": ["monitoring", "ff18be1f", "tid"], "value": "140704404373376"}, "version": 6, "at": 1755626781.1442828}
{"obj": {"type": "AddStrings", "path": ["sys", "tags"], "values": ["window-300", "RF", "baseline", "HR"]}, "version": 7, "at": 1755626781.144398}
{"obj": {"type": "AssignBool", "path": ["sys", "failed"], "value": false}, "version": 8, "at": 1755626781.144483}
{"obj": {"type": "ClearStringLog", "path": ["monitoring", "ff18be1f", "stdout"]}, "version": 9, "at": 1755626781.144607}
{"obj": {"type": "ClearStringLog", "path": ["monitoring", "ff18be1f", "stderr"]}, "version": 10, "at": 1755626781.144674}
{"obj": {"type": "AssignString", "path": ["source_code", "entrypoint"], "value": "neptune_rf_pipeline.py"}, "version": 11, "at": 1755626781.145686}
{"obj": {"type": "UploadFileSet", "path": ["source_code", "files"], "file_globs": ["/Users/shehjarsadhu/Desktop/UniversityOfRhodeIsland/Graduate/WBL/Project_Carehub_CareWear/CODE/CareWear_Data_Processing/carewear-stress-monitoring-analysis/feature_extraction/MLclassificaiton/neptune_rf_pipeline.py"], "reset": "False"}, "version": 12, "at": 1755626781.145971}
{"obj": {"type": "UploadFile", "path": ["source_code", "diff"], "ext": "patch", "file_path": null, "tmp_file_name": "source_code_diff-1755626781.231813-2025-08-19_14.06.21.231813.patch", "clean_after_upload": false}, "version": 13, "at": 1755626781.232488}
{"obj": {"type": "ConfigFloatSeries", "path": ["monitoring", "ff18be1f", "cpu"], "min": 0.0, "max": 100.0, "unit": "%"}, "version": 14, "at": 1755626781.251895}
{"obj": {"type": "ClearFloatLog", "path": ["monitoring", "ff18be1f", "cpu"]}, "version": 15, "at": 1755626781.252206}
{"obj": {"type": "LogStrings", "path": ["monitoring", "ff18be1f", "stderr"], "values": [{"value": "[neptune] [warning] /Users/shehjarsadhu/Desktop/UniversityOfRhodeIsland/Graduate/WBL/Project_Carehub_CareWear/CODE/CareWear_Data_Processing/carewear-stress-monitoring-analysis/feature_extraction/MLclassificaiton/neptune_rf_pipeline.py:186: NeptuneWarning: Info (NVML): NVML Shared Library Not Found. GPU usage metrics may not be reported. For more information, see https://docs-legacy.neptune.ai/help/nvml_error/\n", "step": null, "ts": 1755626781.25238}]}, "version": 16, "at": 1755626781.2524421}
{"obj": {"type": "ConfigFloatSeries", "path": ["monitoring", "ff18be1f", "memory"], "min": 0.0, "max": 16.0, "unit": "GB"}, "version": 17, "at": 1755626781.252657}
{"obj": {"type": "ClearFloatLog", "path": ["monitoring", "ff18be1f", "memory"]}, "version": 18, "at": 1755626781.252728}
{"obj": {"type": "LogFloats", "path": ["monitoring", "ff18be1f", "memory"], "values": [{"value": 8.984642028808594, "step": null, "ts": 1755626781.253115}]}, "version": 19, "at": 1755626781.253697}
{"obj": {"type": "AssignString", "path": ["features", "hash"], "value": "61c56029c8d26e3a2d5154b09ce6e840"}, "version": 20, "at": 1755626781.266975}
{"obj": {"type": "AssignInt", "path": ["features", "count"], "value": 12}, "version": 21, "at": 1755626781.267719}
{"obj": {"type": "LogStrings", "path": ["monitoring", "ff18be1f", "stdout"], "values": [{"value": "Fitting 10 folds for each of 36 candidates, totalling 360 fits", "step": null, "ts": 1755626781.292327}]}, "version": 22, "at": 1755626781.292505}
{"obj": {"type": "LogStrings", "path": ["monitoring", "ff18be1f", "stdout"], "values": [{"value": "\n", "step": null, "ts": 1755626781.294561}]}, "version": 23, "at": 1755626781.2945879}
{"obj": {"type": "LogStrings", "path": ["monitoring", "ff18be1f", "stderr"], "values": [{"value": "/Users/shehjarsadhu/opt/anaconda3/envs/carewear/lib/python3.10/site-packages/sklearn/model_selection/_split.py:811: UserWarning: The least populated class in y has only 6 members, which is less than n_splits=10.\n  warnings.warn(\n", "step": null, "ts": 1755626781.303457}]}, "version": 24, "at": 1755626781.303513}
{"obj": {"type": "LogFloats", "path": ["monitoring", "ff18be1f", "cpu"], "values": [{"value": 96.7, "step": null, "ts": 1755626791.263521}]}, "version": 25, "at": 1755626791.26415}
{"obj": {"type": "LogFloats", "path": ["monitoring", "ff18be1f", "memory"], "values": [{"value": 9.890121459960938, "step": null, "ts": 1755626791.263521}]}, "version": 26, "at": 1755626791.2644942}
{"obj": {"type": "LogFloats", "path": ["monitoring", "ff18be1f", "cpu"], "values": [{"value": 98.6, "step": null, "ts": 1755626801.270543}]}, "version": 27, "at": 1755626801.270854}
{"obj": {"type": "LogFloats", "path": ["monitoring", "ff18be1f", "memory"], "values": [{"value": 9.869281768798828, "step": null, "ts": 1755626801.270543}]}, "version": 28, "at": 1755626801.2711449}
{"obj": {"type": "LogFloats", "path": ["monitoring", "ff18be1f", "cpu"], "values": [{"value": 97.1, "step": null, "ts": 1755626811.279884}]}, "version": 29, "at": 1755626811.280288}
{"obj": {"type": "LogFloats", "path": ["monitoring", "ff18be1f", "memory"], "values": [{"value": 9.877552032470703, "step": null, "ts": 1755626811.279884}]}, "version": 30, "at": 1755626811.280597}
